// Jest Snapshot v1, https://goo.gl/fbAQLP

exports[`events example 1`] = `
"<?xml version="1.0"?>
<e:events xmlns="https://schemas.opentest4j.org/reporting/core/0.1.0" xmlns:e="https://schemas.opentest4j.org/reporting/events/0.1.0" xmlns:java="https://schemas.opentest4j.org/reporting/java/0.1.0">
  <infrastructure>
    <hostName>
      wonderland
    </hostName>
    <userName>
      alice
    </userName>
    <java:javaVersion>
      1.8
    </java:javaVersion>
  </infrastructure>
  <e:started id="1" name="container" time="2022-09-25T17:43:28.347Z"/>
  <e:started id="2" name="test" time="2022-09-25T17:43:28.347Z" parentId="1"/>
  <e:finished id="2" time="2022-09-25T17:43:28.347Z">
    <result status="FAILED"/>
  </e:finished>
  <e:finished id="1" time="2022-09-25T17:43:28.347Z">
    <directorySource path="/tmp/directory"/>
    <fileSource path="/tmp/screenshot.png">
      <filePosition line="42" column="17"/>
    </fileSource>
    <result status="FAILED"/>
  </e:finished>
</e:events>"
`;
